List 0: lol -> 23
List 0:       -> lol -> 23
List 0: lol this is the string ig  ->       -> lol -> 23
INVALID COMMAND: INSERT
INVALID COMMAND: INSERT
INVALID COMMAND: INSERT
INVALID COMMAND: INSERT
INVALID COMMAND: INSERT
INVALID COMMAND: INSERT
Number of lists: 1
List 0
lol this is the string ig  ->       -> lol -> 23
INVALID COMMAND: REMOVE
INVALID COMMAND: INPUT
INVALID COMMAND: NEW
INVALID COMMAND: VIEW
INVALID COMMAND: DELETE
INVALID COMMAND: INSERT
INVALID COMMAND: REMOVE
INVALID COMMAND: DELETE
List 0: {-23} -> lol this is the string ig  ->       -> lol -> 23
INVALID COMMAND: NEW
INVALID COMMAND: VIEW
INVALID COMMAND: VIEW-NESTED
INVALID COMMAND: REMOVE
INVALID COMMAND: INSERT
List 0: {-23} -> lol this is the string ig  ->       -> lol -> lol -> 23
INVALID COMMAND: DELETE
List 0: {-23} -> lol this is the string ig  ->       -> lol -> 23
INVALID COMMAND: NEW
INVALID COMMAND: VIEW
INVALID COMMAND: VIEW-NESTED
INVALID COMMAND: INSERT
INVALID COMMAND: DELETE
INVALID COMMAND: REMOVE