INVALID COMMAND: REMOVE
INVALID COMMAND: DELETE
INVALID COMMAND: INSERT
INVALID COMMAND: REMOVE
INVALID COMMAND: DELETE
INVALID COMMAND: INSERT
INVALID COMMAND: REMOVE
INVALID COMMAND: DELETE
INVALID COMMAND: INSERT
INVALID COMMAND: INPUT
INVALID COMMAND: DELETE
INVALID COMMAND: INSERT
INVALID COMMAND: INPUT
INVALID COMMAND: DELETE
INVALID COMMAND: INSERT
INVALID COMMAND: INPUT
INVALID COMMAND: INPUT
INVALID COMMAND: INPUT
INVALID COMMAND: DELETE
INVALID COMMAND: INSERT
INVALID COMMAND: INPUT
INVALID COMMAND: VIEW
INVALID COMMAND: VIEW
INVALID COMMAND: VIEW
Number of lists: 0
INVALID COMMAND: VIEW-NESTED
INVALID COMMAND: VIEW-NESTED
INVALID COMMAND: VIEW-NESTED
INVALID COMMAND: NEW
INVALID COMMAND: INPUT
INVALID COMMAND: INPUT
INVALID COMMAND: INPUT
INVALID COMMAND: INPUT