List 0: 
List 1: 
List 2: 
List 3: 
List 4: 
List 5: 
List 6: 
List 7: 
List 8: 
List 9: 
List 10: 
List 11: 
List 12: 
List 13: 
List 14: 
List 15: 
List 16: 
List 17: 
List 18: 
List 19: 
Number of lists: 20
List 0
List 1
List 2
List 3
List 4
List 5
List 6
List 7
List 8
List 9
List 10
List 11
List 12
List 13
List 14
List 15
List 16
List 17
List 18
List 19
Nested 20: {List 0} -> {List 1} -> {List 2} -> {List 3} -> {List 4} -> {List 5} -> {List 6} -> {List 7} -> {List 8} -> {List 9} -> {List 10} -> {List 11} -> {List 12} -> {List 13} -> {List 14} -> {List 15} -> {List 16} -> {List 17} -> {List 18} -> {List 19}
{List 0} -> {List 1} -> {List 2} -> {List 3} -> {List 4} -> {List 5} -> {List 6} -> {List 7} -> {List 8} -> {List 9} -> {List 10} -> {List 11} -> {List 12} -> {List 13} -> {List 14} -> {List 15} -> {List 16} -> {List 17} -> {List 18} -> {List 19}
{} -> {} -> {} -> {} -> {} -> {} -> {} -> {} -> {} -> {} -> {} -> {} -> {} -> {} -> {} -> {} -> {} -> {} -> {} -> {}
Number of lists: 21
List 0
List 1
List 2
List 3
List 4
List 5
List 6
List 7
List 8
List 9
List 10
List 11
List 12
List 13
List 14
List 15
List 16
List 17
List 18
List 19
Nested 20
INVALID COMMAND: DELETE
List 0: big insert
{big insert} -> {} -> {} -> {} -> {} -> {} -> {} -> {} -> {} -> {} -> {} -> {} -> {} -> {} -> {} -> {} -> {} -> {} -> {} -> {}